---
source: runtime/src/metrics_core/definition.rs
expression: "crate::metrics_core::definition::ids_sorted()"
---
[
  "aiperf.accuracy.correct",
  "aiperf.accuracy.unparsed",
  "aiperf.active_decode_throughput",
  "aiperf.active_decode_throughput_per_user",
  "aiperf.active_image_samples_per_second",
  "aiperf.active_prefill_throughput",
  "aiperf.active_prefill_throughput_per_user",
  "aiperf.active_total_throughput",
  "aiperf.audio_duration",
  "aiperf.benchmark_duration",
  "aiperf.completed_request_count",
  "aiperf.credit_drop_latency",
  "aiperf.credit_to_start_latency",
  "aiperf.decode_duration",
  "aiperf.e2e_output_token_throughput",
  "aiperf.effective_concurrency",
  "aiperf.effective_decode_concurrency",
  "aiperf.effective_decode_throughput",
  "aiperf.effective_decode_throughput_per_user",
  "aiperf.effective_image_samples_per_second",
  "aiperf.effective_image_samples_per_second_per_user",
  "aiperf.effective_latency",
  "aiperf.effective_prefill_concurrency",
  "aiperf.effective_prefill_throughput",
  "aiperf.effective_prefill_throughput_per_user",
  "aiperf.effective_total_throughput",
  "aiperf.energy_per_user",
  "aiperf.error_isl",
  "aiperf.error_request_count",
  "aiperf.good_request_count",
  "aiperf.good_request_fraction",
  "aiperf.goodput",
  "aiperf.http_req_blocked",
  "aiperf.http_req_chunks_received",
  "aiperf.http_req_chunks_sent",
  "aiperf.http_req_connecting",
  "aiperf.http_req_connection_overhead",
  "aiperf.http_req_connection_reused",
  "aiperf.http_req_data_received",
  "aiperf.http_req_data_sent",
  "aiperf.http_req_dns_lookup",
  "aiperf.http_req_duration",
  "aiperf.http_req_receiving",
  "aiperf.http_req_sending",
  "aiperf.http_req_total",
  "aiperf.http_req_waiting",
  "aiperf.image_latency",
  "aiperf.image_samples_per_second",
  "aiperf.image_throughput",
  "aiperf.input_sequence_length",
  "aiperf.input_token_throughput",
  "aiperf.inter_chunk_latency",
  "aiperf.inter_token_latency",
  "aiperf.max_response_timestamp",
  "aiperf.min_request_timestamp",
  "aiperf.network_adjusted_request_latency",
  "aiperf.network_adjusted_time_to_first_output_token",
  "aiperf.network_adjusted_time_to_first_token",
  "aiperf.network_rtt",
  "aiperf.num_images",
  "aiperf.osl_mismatch_count",
  "aiperf.osl_mismatch_diff_pct",
  "aiperf.output_sequence_length",
  "aiperf.output_token_count",
  "aiperf.output_token_throughput",
  "aiperf.output_token_throughput_per_user",
  "aiperf.output_tokens_per_joule",
  "aiperf.overall_thinking_efficiency",
  "aiperf.overall_usage_prompt_cache_read_pct",
  "aiperf.prefill_throughput_per_user",
  "aiperf.reasoning_token_count",
  "aiperf.request_count",
  "aiperf.request_error_rate",
  "aiperf.request_latency",
  "aiperf.request_throughput",
  "aiperf.requested_osl",
  "aiperf.rtfx",
  "aiperf.stream_prefill_latency",
  "aiperf.stream_setup_latency",
  "aiperf.thinking_efficiency",
  "aiperf.time_to_first_output_token",
  "aiperf.time_to_first_token",
  "aiperf.time_to_second_token",
  "aiperf.tokens_in_flight",
  "aiperf.total_error_isl",
  "aiperf.total_gpu_energy",
  "aiperf.total_gpu_power",
  "aiperf.total_isl",
  "aiperf.total_num_images",
  "aiperf.total_osl",
  "aiperf.total_output_tokens",
  "aiperf.total_reasoning_tokens",
  "aiperf.total_token_throughput",
  "aiperf.total_usage_accepted_prediction_tokens",
  "aiperf.total_usage_completion_audio_tokens",
  "aiperf.total_usage_completion_tokens",
  "aiperf.total_usage_prompt_audio_seconds",
  "aiperf.total_usage_prompt_audio_tokens",
  "aiperf.total_usage_prompt_cache_miss_tokens",
  "aiperf.total_usage_prompt_cache_read_tokens",
  "aiperf.total_usage_prompt_cache_write_tokens",
  "aiperf.total_usage_prompt_tokens",
  "aiperf.total_usage_reasoning_tokens",
  "aiperf.total_usage_rejected_prediction_tokens",
  "aiperf.total_usage_tool_use_prompt_tokens",
  "aiperf.total_usage_total_tokens",
  "aiperf.usage_accepted_prediction_tokens",
  "aiperf.usage_completion_audio_tokens",
  "aiperf.usage_completion_tokens",
  "aiperf.usage_completion_tokens_diff_pct",
  "aiperf.usage_discrepancy_count",
  "aiperf.usage_prompt_audio_seconds",
  "aiperf.usage_prompt_audio_tokens",
  "aiperf.usage_prompt_cache_miss_tokens",
  "aiperf.usage_prompt_cache_read_tokens",
  "aiperf.usage_prompt_cache_write_tokens",
  "aiperf.usage_prompt_tokens",
  "aiperf.usage_prompt_tokens_diff_pct",
  "aiperf.usage_reasoning_tokens",
  "aiperf.usage_reasoning_tokens_diff_pct",
  "aiperf.usage_rejected_prediction_tokens",
  "aiperf.usage_tool_use_prompt_tokens",
  "aiperf.usage_total_tokens",
  "aiperf.video_inference_time",
  "aiperf.video_peak_memory",
  "analyzer.isl",
  "analyzer.isl_osl_ratio",
  "analyzer.osl",
  "analyzer.per_turn_isl",
  "analyzer.per_turn_osl",
  "analyzer.per_turn_think_time_ms",
  "analyzer.queue_delay_ms",
  "analyzer.total",
  "analyzer.turns_per_conversation"
]
